// Jest Snapshot v1, https://goo.gl/fbAQLP

exports[`Bot Test instantiation initialises with correct ci config 1`] = `
Object {
  "json_file_store": "./db_slack_bot_ci/",
}
`;
